INFO: [Common 17-3922] A valid Vivado Design Suite BASIC license has been detected. Your current license is active and will expire on 28-sep-2027.
#-----------------------------------------------------------
# Vivado v2026.1 (64-bit)
# SW Build 6511674 on Tue Jun 16 11:01:26 MDT 2026
# IP Build 6504888 on Tue Jun 09 09:05:25 MDT 2026
# SharedData Build 6501428 on Mon Jun 08 17:34:18 MDT 2026
# Start of session at: Mon Sep 28 17:08:21 2026
# Process ID         : 71944
# Current directory  : /home/tranngocduc/PRJ1-/P1_4bit_Datapath_Complete/p1-4bit-datapath
# Command line       : vivado -mode batch -log build/vivado_synth.log -journal build/vivado_synth.jou -source scripts/vivado_run.tcl -tclargs synth xc7a35tcpg236-1
# Log file           : /home/tranngocduc/PRJ1-/P1_4bit_Datapath_Complete/p1-4bit-datapath/build/vivado_synth.log
# Journal file       : /home/tranngocduc/PRJ1-/P1_4bit_Datapath_Complete/p1-4bit-datapath/build/vivado_synth.jou
# Running On         : ucccc
# Platform           : Fedora
# Operating System   : Fedora Linux 44 (Workstation Edition)
# Processor Detail   : Intel(R) Core(TM) i5-8265U CPU @ 1.60GHz
# CPU Frequency      : 3699.693 MHz
# CPU Physical cores : 4
# CPU Logical cores  : 8
# Host memory        : 16417 MB
# Swap memory        : 8589 MB
# Total Virtual      : 25007 MB
# Available Virtual  : 14801 MB
#-----------------------------------------------------------
source scripts/vivado_run.tcl
# if {$argc != 2 || [lindex $argv 0] ni {sim synth}} {
#     error "Usage: vivado -mode batch -source scripts/vivado_run.tcl -tclargs sim|synth <part>"
# }
# set mode [lindex $argv 0]
# set part_name [lindex $argv 1]
# if {[llength [get_parts -quiet $part_name]] != 1} {
#     error "Choose one installed Vivado part: $part_name"
# }
# set repo_dir [file dirname [file dirname [file normalize [info script]]]]
# set build_dir [file join $repo_dir build]
# set project_dir [file join $build_dir vivado]
# set rtl_files {}
# foreach name {
#     full_adder adder_subtractor_4bit logic_unit_4bit shifter_4bit
#     control_unit muldiv_unit result_mux flag_unit alu_4bit
# } {
#     set source_file [file join $repo_dir rtl ${name}.v]
#     if {![file isfile $source_file]} { error "Missing design source: $source_file" }
#     lappend rtl_files $source_file
# }
# set tb_file [file join $repo_dir tb alu_4bit_tb.v]
# if {![file isfile $tb_file]} { error "Missing simulation source: $tb_file" }
# file mkdir $project_dir
# create_project -force p1_4bit $project_dir -part $part_name
create_project: Time (s): cpu = 00:00:34 ; elapsed = 00:00:09 . Memory (MB): peak = 1918.629 ; gain = 266.051 ; free physical = 1052 ; free virtual = 13635
# set_property target_language Verilog [current_project]
# set_property target_simulator XSim [current_project]
# add_files -norecurse $rtl_files
# add_files -fileset sim_1 -norecurse [list $tb_file]
# set_property file_type SystemVerilog [get_files $tb_file]
# set_property top alu_4bit [get_filesets sources_1]
# set_property top alu_4bit_tb [get_filesets sim_1]
# update_compile_order -fileset sources_1
# update_compile_order -fileset sim_1
# if {$mode eq "sim"} {
#     # Open at time zero, then explicitly run the complete self-checking testbench.
#     set_property xsim.simulate.runtime 0ns [get_filesets sim_1]
#     launch_simulation -mode behavioral
#     run all
#     close_sim
#     puts "XSim logs: [file join $project_dir p1_4bit.sim sim_1 behav xsim]"
# } else {
#     launch_runs synth_1
#     wait_on_run synth_1
#     if {[get_property PROGRESS [get_runs synth_1]] ne "100%"} {
#         error "Synthesis did not complete: [get_property STATUS [get_runs synth_1]]"
#     }
#     open_run synth_1
#     report_utilization -file [file join $project_dir utilization.rpt]
#     puts "Utilization report: [file join $project_dir utilization.rpt]"
# }
[Mon Sep 28 17:08:41 2026] Launched synth_1...
Run output will be captured here: /home/tranngocduc/PRJ1-/P1_4bit_Datapath_Complete/p1-4bit-datapath/build/vivado/p1_4bit.runs/synth_1/runme.log
[Mon Sep 28 17:08:41 2026] Waiting for synth_1 to finish...

*** Running vivado
    with args -log alu_4bit.vds -m64 -product Vivado -mode batch -messageDb vivado.pb -notrace -source alu_4bit.tcl

INFO: [Common 17-3922] A valid Vivado Design Suite BASIC license has been detected. Your current license is active and will expire on 28-sep-2027.
#-----------------------------------------------------------
# Vivado v2026.1 (64-bit)
# SW Build 6511674 on Tue Jun 16 11:01:26 MDT 2026
# IP Build 6504888 on Tue Jun 09 09:05:25 MDT 2026
# SharedData Build 6501428 on Mon Jun 08 17:34:18 MDT 2026
# Start of session at: Mon Sep 28 17:08:45 2026
# Process ID         : 72138
# Current directory  : /home/tranngocduc/PRJ1-/P1_4bit_Datapath_Complete/p1-4bit-datapath/build/vivado/p1_4bit.runs/synth_1
# Command line       : vivado -log alu_4bit.vds -product Vivado -mode batch -messageDb vivado.pb -notrace -source alu_4bit.tcl
# Log file           : /home/tranngocduc/PRJ1-/P1_4bit_Datapath_Complete/p1-4bit-datapath/build/vivado/p1_4bit.runs/synth_1/alu_4bit.vds
# Journal file       : /home/tranngocduc/PRJ1-/P1_4bit_Datapath_Complete/p1-4bit-datapath/build/vivado/p1_4bit.runs/synth_1/vivado.jou
# Running On         : ucccc
# Platform           : Fedora
# Operating System   : Fedora Linux 44 (Workstation Edition)
# Processor Detail   : Intel(R) Core(TM) i5-8265U CPU @ 1.60GHz
# CPU Frequency      : 3099.969 MHz
# CPU Physical cores : 4
# CPU Logical cores  : 8
# Host memory        : 16417 MB
# Swap memory        : 8589 MB
# Total Virtual      : 25007 MB
# Available Virtual  : 14204 MB
#-----------------------------------------------------------

****** Vivado v2026.1 (64-bit)
  **** SW Build 6511674 on Tue Jun 16 11:01:26 MDT 2026
  **** IP Build 6504888 on Tue Jun 09 09:05:25 MDT 2026
  **** SharedData Build 6501428 on Mon Jun 08 17:34:18 MDT 2026
  **** Start of session at: Mon Sep 28 17:08:45 2026
    ** Copyright 1986-2022 Xilinx, Inc. All Rights Reserved.
    ** Copyright 2022-2026 Advanced Micro Devices, Inc. All Rights Reserved.

source alu_4bit.tcl -notrace
create_project: Time (s): cpu = 00:00:34 ; elapsed = 00:00:09 . Memory (MB): peak = 1918.629 ; gain = 267.051 ; free physical = 528 ; free virtual = 13114
Command: synth_design -top alu_4bit -part xc7a35tcpg236-1
Starting synth_design
Attempting to get a license for feature 'Vivado_Synthesis' and/or device 'xc7a35t'
INFO: [Common 17-349] Got license for feature 'Vivado_Synthesis' and/or device 'xc7a35t'
INFO: [Synth 8-7079] Multithreading enabled for synth_design using a maximum of 7 processes.
INFO: [Synth 8-7078] Launching helper process for spawning children vivado processes
INFO: [Synth 8-7075] Helper process launched with PID 72187
---------------------------------------------------------------------------------
Starting Synthesize : Time (s): cpu = 00:00:07 ; elapsed = 00:00:07 . Memory (MB): peak = 2421.152 ; gain = 502.523 ; free physical = 204 ; free virtual = 12411
---------------------------------------------------------------------------------
INFO: [Synth 8-6157] synthesizing module 'alu_4bit' [/home/tranngocduc/PRJ1-/P1_4bit_Datapath_Complete/p1-4bit-datapath/rtl/alu_4bit.v:3]
INFO: [Synth 8-6157] synthesizing module 'control_unit' [/home/tranngocduc/PRJ1-/P1_4bit_Datapath_Complete/p1-4bit-datapath/rtl/control_unit.v:4]
INFO: [Synth 8-6155] done synthesizing module 'control_unit' (0#1) [/home/tranngocduc/PRJ1-/P1_4bit_Datapath_Complete/p1-4bit-datapath/rtl/control_unit.v:4]
INFO: [Synth 8-6157] synthesizing module 'adder_subtractor_4bit' [/home/tranngocduc/PRJ1-/P1_4bit_Datapath_Complete/p1-4bit-datapath/rtl/adder_subtractor_4bit.v:3]
INFO: [Synth 8-6157] synthesizing module 'full_adder' [/home/tranngocduc/PRJ1-/P1_4bit_Datapath_Complete/p1-4bit-datapath/rtl/full_adder.v:3]
INFO: [Synth 8-6155] done synthesizing module 'full_adder' (0#1) [/home/tranngocduc/PRJ1-/P1_4bit_Datapath_Complete/p1-4bit-datapath/rtl/full_adder.v:3]
INFO: [Synth 8-6155] done synthesizing module 'adder_subtractor_4bit' (0#1) [/home/tranngocduc/PRJ1-/P1_4bit_Datapath_Complete/p1-4bit-datapath/rtl/adder_subtractor_4bit.v:3]
INFO: [Synth 8-6157] synthesizing module 'logic_unit_4bit' [/home/tranngocduc/PRJ1-/P1_4bit_Datapath_Complete/p1-4bit-datapath/rtl/logic_unit_4bit.v:3]
INFO: [Synth 8-6155] done synthesizing module 'logic_unit_4bit' (0#1) [/home/tranngocduc/PRJ1-/P1_4bit_Datapath_Complete/p1-4bit-datapath/rtl/logic_unit_4bit.v:3]
INFO: [Synth 8-6157] synthesizing module 'shifter_4bit' [/home/tranngocduc/PRJ1-/P1_4bit_Datapath_Complete/p1-4bit-datapath/rtl/shifter_4bit.v:3]
INFO: [Synth 8-6155] done synthesizing module 'shifter_4bit' (0#1) [/home/tranngocduc/PRJ1-/P1_4bit_Datapath_Complete/p1-4bit-datapath/rtl/shifter_4bit.v:3]
INFO: [Synth 8-6157] synthesizing module 'muldiv_unit' [/home/tranngocduc/PRJ1-/P1_4bit_Datapath_Complete/p1-4bit-datapath/rtl/muldiv_unit.v:4]
INFO: [Synth 8-6155] done synthesizing module 'muldiv_unit' (0#1) [/home/tranngocduc/PRJ1-/P1_4bit_Datapath_Complete/p1-4bit-datapath/rtl/muldiv_unit.v:4]
INFO: [Synth 8-6157] synthesizing module 'result_mux' [/home/tranngocduc/PRJ1-/P1_4bit_Datapath_Complete/p1-4bit-datapath/rtl/result_mux.v:3]
INFO: [Synth 8-6155] done synthesizing module 'result_mux' (0#1) [/home/tranngocduc/PRJ1-/P1_4bit_Datapath_Complete/p1-4bit-datapath/rtl/result_mux.v:3]
INFO: [Synth 8-6157] synthesizing module 'flag_unit' [/home/tranngocduc/PRJ1-/P1_4bit_Datapath_Complete/p1-4bit-datapath/rtl/flag_unit.v:3]
INFO: [Synth 8-6155] done synthesizing module 'flag_unit' (0#1) [/home/tranngocduc/PRJ1-/P1_4bit_Datapath_Complete/p1-4bit-datapath/rtl/flag_unit.v:3]
INFO: [Synth 8-6155] done synthesizing module 'alu_4bit' (0#1) [/home/tranngocduc/PRJ1-/P1_4bit_Datapath_Complete/p1-4bit-datapath/rtl/alu_4bit.v:3]
---------------------------------------------------------------------------------
Finished Synthesize : Time (s): cpu = 00:00:09 ; elapsed = 00:00:09 . Memory (MB): peak = 2507.121 ; gain = 588.492 ; free physical = 199 ; free virtual = 12283
---------------------------------------------------------------------------------
---------------------------------------------------------------------------------
Finished Constraint Validation : Time (s): cpu = 00:00:10 ; elapsed = 00:00:10 . Memory (MB): peak = 2521.965 ; gain = 603.336 ; free physical = 188 ; free virtual = 12276
---------------------------------------------------------------------------------
---------------------------------------------------------------------------------
Start Loading Part and Timing Information
---------------------------------------------------------------------------------
Loading part: xc7a35tcpg236-1
INFO: [Device 21-403] Loading part xc7a35tcpg236-1
---------------------------------------------------------------------------------
Finished Loading Part and Timing Information : Time (s): cpu = 00:00:10 ; elapsed = 00:00:10 . Memory (MB): peak = 2521.965 ; gain = 603.336 ; free physical = 187 ; free virtual = 12276
---------------------------------------------------------------------------------
---------------------------------------------------------------------------------
Finished RTL Optimization Phase 2 : Time (s): cpu = 00:00:10 ; elapsed = 00:00:10 . Memory (MB): peak = 2538.879 ; gain = 620.250 ; free physical = 171 ; free virtual = 12252
---------------------------------------------------------------------------------
No constraint files found.
---------------------------------------------------------------------------------
Start RTL Component Statistics 
---------------------------------------------------------------------------------
Detailed RTL Component Info : 
+---Adders : 
	   2 Input    2 Bit       Adders := 1     
+---XORs : 
	   2 Input      4 Bit         XORs := 1     
	   2 Input      1 Bit         XORs := 13    
+---Registers : 
	                4 Bit    Registers := 3     
	                2 Bit    Registers := 1     
	                1 Bit    Registers := 4     
+---Muxes : 
	   2 Input    4 Bit        Muxes := 13    
	   2 Input    2 Bit        Muxes := 1     
	   2 Input    1 Bit        Muxes := 4     
---------------------------------------------------------------------------------
Finished RTL Component Statistics 
---------------------------------------------------------------------------------
---------------------------------------------------------------------------------
Start Part Resource Summary
---------------------------------------------------------------------------------
Part Resources:
DSPs: 90 (col length:60)
BRAMs: 100 (col length: RAMB18 60 RAMB36 30)
---------------------------------------------------------------------------------
Finished Part Resource Summary
---------------------------------------------------------------------------------
No constraint files found.
---------------------------------------------------------------------------------
Start Cross Boundary and Area Optimization
---------------------------------------------------------------------------------
---------------------------------------------------------------------------------
Finished Cross Boundary and Area Optimization : Time (s): cpu = 00:00:15 ; elapsed = 00:00:17 . Memory (MB): peak = 2665.871 ; gain = 747.242 ; free physical = 209 ; free virtual = 12096
---------------------------------------------------------------------------------
No constraint files found.
---------------------------------------------------------------------------------
Start Timing Optimization
---------------------------------------------------------------------------------
---------------------------------------------------------------------------------
Finished Timing Optimization : Time (s): cpu = 00:00:15 ; elapsed = 00:00:18 . Memory (MB): peak = 2669.840 ; gain = 751.211 ; free physical = 209 ; free virtual = 12096
---------------------------------------------------------------------------------
---------------------------------------------------------------------------------
Start Technology Mapping
---------------------------------------------------------------------------------
---------------------------------------------------------------------------------
Finished Technology Mapping : Time (s): cpu = 00:00:15 ; elapsed = 00:00:18 . Memory (MB): peak = 2669.840 ; gain = 751.211 ; free physical = 211 ; free virtual = 12098
---------------------------------------------------------------------------------
---------------------------------------------------------------------------------
Start IO Insertion
---------------------------------------------------------------------------------
---------------------------------------------------------------------------------
Start Flattening Before IO Insertion
---------------------------------------------------------------------------------
---------------------------------------------------------------------------------
Finished Flattening Before IO Insertion
---------------------------------------------------------------------------------
---------------------------------------------------------------------------------
Start Final Netlist Cleanup
---------------------------------------------------------------------------------
---------------------------------------------------------------------------------
Finished Final Netlist Cleanup
---------------------------------------------------------------------------------
---------------------------------------------------------------------------------
Finished IO Insertion : Time (s): cpu = 00:00:22 ; elapsed = 00:00:24 . Memory (MB): peak = 2866.652 ; gain = 948.023 ; free physical = 238 ; free virtual = 11915
---------------------------------------------------------------------------------
---------------------------------------------------------------------------------
Start Renaming Generated Instances
---------------------------------------------------------------------------------
---------------------------------------------------------------------------------
Finished Renaming Generated Instances : Time (s): cpu = 00:00:22 ; elapsed = 00:00:24 . Memory (MB): peak = 2866.652 ; gain = 948.023 ; free physical = 238 ; free virtual = 11915
---------------------------------------------------------------------------------
---------------------------------------------------------------------------------
Start Rebuilding User Hierarchy
---------------------------------------------------------------------------------
---------------------------------------------------------------------------------
Finished Rebuilding User Hierarchy : Time (s): cpu = 00:00:22 ; elapsed = 00:00:24 . Memory (MB): peak = 2866.652 ; gain = 948.023 ; free physical = 238 ; free virtual = 11915
---------------------------------------------------------------------------------
---------------------------------------------------------------------------------
Start Renaming Generated Ports
---------------------------------------------------------------------------------
---------------------------------------------------------------------------------
Finished Renaming Generated Ports : Time (s): cpu = 00:00:22 ; elapsed = 00:00:24 . Memory (MB): peak = 2866.652 ; gain = 948.023 ; free physical = 238 ; free virtual = 11915
---------------------------------------------------------------------------------
---------------------------------------------------------------------------------
Start Handling Custom Attributes
---------------------------------------------------------------------------------
---------------------------------------------------------------------------------
Finished Handling Custom Attributes : Time (s): cpu = 00:00:22 ; elapsed = 00:00:24 . Memory (MB): peak = 2866.652 ; gain = 948.023 ; free physical = 238 ; free virtual = 11915
---------------------------------------------------------------------------------
---------------------------------------------------------------------------------
Start Renaming Generated Nets
---------------------------------------------------------------------------------
---------------------------------------------------------------------------------
Finished Renaming Generated Nets : Time (s): cpu = 00:00:22 ; elapsed = 00:00:24 . Memory (MB): peak = 2866.652 ; gain = 948.023 ; free physical = 238 ; free virtual = 11915
---------------------------------------------------------------------------------
---------------------------------------------------------------------------------
Start Writing Synthesis Report
---------------------------------------------------------------------------------

Report BlackBoxes: 
+-+--------------+----------+
| |BlackBox name |Instances |
+-+--------------+----------+
+-+--------------+----------+

Report Cell Usage: 
+------+------+------+
|      |Cell  |Count |
+------+------+------+
|1     |BUFG  |     1|
|2     |LUT2  |     2|
|3     |LUT3  |    14|
|4     |LUT4  |    14|
|5     |LUT5  |    25|
|6     |LUT6  |    23|
|7     |MUXF7 |     1|
|8     |FDCE  |    18|
|9     |IBUF  |    15|
|10    |OBUF  |    15|
+------+------+------+

Report Instance Areas: 
+------+-----------+------------+------+
|      |Instance   |Module      |Cells |
+------+-----------+------------+------+
|1     |top        |            |   128|
|2     |  u_muldiv |muldiv_unit |    97|
+------+-----------+------------+------+
---------------------------------------------------------------------------------
Finished Writing Synthesis Report : Time (s): cpu = 00:00:22 ; elapsed = 00:00:24 . Memory (MB): peak = 2866.652 ; gain = 948.023 ; free physical = 238 ; free virtual = 11915
---------------------------------------------------------------------------------
Synthesis finished with 0 errors, 0 critical warnings and 0 warnings.
Synthesis Optimization Runtime : Time (s): cpu = 00:00:22 ; elapsed = 00:00:24 . Memory (MB): peak = 2866.652 ; gain = 948.023 ; free physical = 230 ; free virtual = 11907
Synthesis Optimization Complete : Time (s): cpu = 00:00:22 ; elapsed = 00:00:24 . Memory (MB): peak = 2869.621 ; gain = 948.023 ; free physical = 230 ; free virtual = 11907
INFO: [Project 1-571] Translating synthesized netlist
Netlist sorting complete. Time (s): cpu = 00:00:00 ; elapsed = 00:00:00 . Memory (MB): peak = 2880.527 ; gain = 0.000 ; free physical = 193 ; free virtual = 11879
INFO: [Netlist 29-17] Analyzing 1 Unisim elements for replacement
INFO: [Netlist 29-28] Unisim Transformation completed in 0 CPU seconds
INFO: [Project 1-570] Preparing netlist for logic optimization
INFO: [Opt 31-138] Pushed 0 inverter(s) to 0 load pin(s).
Netlist sorting complete. Time (s): cpu = 00:00:00 ; elapsed = 00:00:00 . Memory (MB): peak = 3021.109 ; gain = 0.000 ; free physical = 237 ; free virtual = 11931
INFO: [Project 1-111] Unisim Transformation Summary:
No Unisim elements were transformed.

Synth Design complete | Checksum: ce5e8a12
INFO: [Common 17-83] Releasing license: Vivado_Synthesis
30 Infos, 0 Warnings, 0 Critical Warnings and 0 Errors encountered.
synth_design completed successfully
synth_design: Time (s): cpu = 00:00:30 ; elapsed = 00:00:29 . Memory (MB): peak = 3024.078 ; gain = 1105.449 ; free physical = 202 ; free virtual = 11901
INFO: [Common 17-2834] synth_design peak Physical Memory [PSS] (MB): overall = 1797.176; main = 1797.176; forked = 248.136
INFO: [Common 17-2834] synth_design peak Virtual Memory [VSS] (MB): overall = 4414.336; main = 3024.082; forked = 1689.492
Write ShapeDB Complete: Time (s): cpu = 00:00:00 ; elapsed = 00:00:00 . Memory (MB): peak = 3048.090 ; gain = 0.000 ; free physical = 202 ; free virtual = 11902
INFO: [Common 17-1381] The checkpoint '/home/tranngocduc/PRJ1-/P1_4bit_Datapath_Complete/p1-4bit-datapath/build/vivado/p1_4bit.runs/synth_1/alu_4bit.dcp' has been generated.
INFO: [Vivado 12-24828] Executing command : report_utilization -file alu_4bit_utilization_synth.rpt -pb alu_4bit_utilization_synth.pb
INFO: [Common 17-206] Exiting Vivado at Mon Sep 28 17:09:28 2026...
[Mon Sep 28 17:09:29 2026] synth_1 finished
wait_on_runs: Time (s): cpu = 00:01:12 ; elapsed = 00:00:48 . Memory (MB): peak = 1918.629 ; gain = 0.000 ; free physical = 1730 ; free virtual = 13450
Design is defaulting to impl run constrset: constrs_1
Design is defaulting to synth run part: xc7a35tcpg236-1
INFO: [Device 21-403] Loading part xc7a35tcpg236-1
INFO: [Project 1-5699] Read binary netlist with skipMacroContent - 1
Netlist sorting complete. Time (s): cpu = 00:00:00 ; elapsed = 00:00:00 . Memory (MB): peak = 2070.746 ; gain = 0.000 ; free physical = 1591 ; free virtual = 13318
INFO: [Netlist 29-17] Analyzing 1 Unisim elements for replacement
INFO: [Netlist 29-28] Unisim Transformation completed in 0 CPU seconds
INFO: [Project 1-479] Netlist was created with Vivado 2026.1
INFO: [Project 1-570] Preparing netlist for logic optimization
INFO: [Opt 31-138] Pushed 0 inverter(s) to 0 load pin(s).
Netlist sorting complete. Time (s): cpu = 00:00:00 ; elapsed = 00:00:00 . Memory (MB): peak = 2201.289 ; gain = 0.000 ; free physical = 1474 ; free virtual = 13197
INFO: [Project 1-111] Unisim Transformation Summary:
No Unisim elements were transformed.

open_run: Time (s): cpu = 00:00:05 ; elapsed = 00:00:06 . Memory (MB): peak = 2207.262 ; gain = 288.633 ; free physical = 1466 ; free virtual = 13189
Utilization report: /home/tranngocduc/PRJ1-/P1_4bit_Datapath_Complete/p1-4bit-datapath/build/vivado/utilization.rpt
# close_project
INFO: [Common 17-206] Exiting Vivado at Mon Sep 28 17:09:36 2026...
